// Jest Snapshot v1, https://goo.gl/fbAQLP

exports[`App renders correctly 1`] = `
<BrowserRouter>
  <div
    className="app"
  >
    <Switch>
      <Route
        exact={true}
        path="/"
        render={[Function]}
      />
      <AuthRoute
        component={[Function]}
        exact={true}
        id=""
        isLoggedIn={false}
        path="/home"
      />
    </Switch>
  </div>
</BrowserRouter>
`;
